
> appzeto-frontend@1.0.0 build
> node node_modules/vite/bin/vite.js build

[36mvite v5.4.21 [32mbuilding for production...[36m[39m
transforming...
[32m✓[39m 3042 modules transformed.
rendering chunks...
computing gzip size...
[2mdist/[22m[32mindex.html                 [39m[1m[2m    0.48 kB[22m[1m[22m[2m │ gzip:   0.31 kB[22m
[2mdist/[22m[35massets/index-C1s9iypY.css  [39m[1m[2m  103.99 kB[22m[1m[22m[2m │ gzip:  15.59 kB[22m
[2mdist/[22m[36massets/index-DYdfAdwE.js   [39m[1m[33m3,026.86 kB[39m[22m[2m │ gzip: 620.78 kB[22m
[33m
(!) Some chunks are larger than 500 kB after minification. Consider:
- Using dynamic import() to code-split the application
- Use build.rollupOptions.output.manualChunks to improve chunking: https://rollupjs.org/configuration-options/#output-manualchunks
- Adjust chunk size limit for this warning via build.chunkSizeWarningLimit.[39m
[32m✓ built in 34.08s[39m
